###############################################################################
#
# IAR ELF Linker V9.10.1.308/W64 for ARM                  26/Dec/2024  01:01:23
# Copyright 2007-2021 IAR Systems AB.
#
#    Output file  =
#        F:\ahmed\intro emb\last pp\simulator-iar\Debug\Exe\project.out
#    Map file     =
#        F:\ahmed\intro emb\last pp\simulator-iar\Debug\List\project.map
#    Command line =
#        -f "F:\ahmed\intro emb\last
#        pp\simulator-iar\Debug\Exe\project.out.rsp" ("F:\ahmed\intro emb\last
#        pp\simulator-iar\Debug\Obj\main.o" "F:\ahmed\intro emb\last
#        pp\simulator-iar\Debug\Obj\project.o" --no_out_extension -o
#        "F:\ahmed\intro emb\last pp\simulator-iar\Debug\Exe\project.out" --map
#        "F:\ahmed\intro emb\last pp\simulator-iar\Debug\List\project.map"
#        --config F:\ahmed\arm\config\linker\TexasInstruments\TM4C123GH6.icf
#        --semihosting --entry __iar_program_start --vfe --text_out locale)
#
###############################################################################

*******************************************************************************
*** RUNTIME MODEL ATTRIBUTES
***

CppFlavor       = *
__SystemLibrary = DLib
__dlib_version  = 6


*******************************************************************************
*** HEAP SELECTION
***

The basic heap was selected because no calls to memory allocation
functions were found in the application outside of system library
functions, and there are calls to deallocation functions in the
application.


*******************************************************************************
*** PLACEMENT SUMMARY
***

"A0":  place at address 0x0 { ro section .intvec };
"P1":  place in [from 0x0 to 0x3'ffff] { ro };
define block CSTACK with size = 4K, alignment = 8 { };
define block HEAP with size = 8K, alignment = 8 { };
"P2":  place in [from 0x2000'0000 to 0x2000'7fff] {
          rw, block CSTACK, block HEAP };
initialize by copy { rw };

  Section            Kind         Address    Size  Object
  -------            ----         -------    ----  ------
"A0":                                        0x40
  .intvec            ro code          0x0    0x40  vector_table_M.o [4]
                                   - 0x40    0x40

"P1":                                      0x203c
  .text              ro code         0x40   0xd2e  xprintflarge_nomb.o [2]
  .text              ro code        0xd6e    0x2a  copy_init3.o [4]
  .text              ro code        0xd98    0x16  strchr.o [4]
  .text              ro code        0xdae     0xa  xsprout.o [2]
  .text              ro code        0xdb8    0x40  xfail_s.o [2]
  .text              ro code        0xdf8    0x36  strlen.o [4]
  .text              ro code        0xe2e     0x2  vectortrap_M.o [4]
  .text              ro code        0xe30    0x58  memchr.o [4]
  .text              ro code        0xe88    0x76  ABImemcpy_unaligned.o [4]
  .text              ro code        0xf00    0x70  frexp.o [3]
  .text              ro code        0xf70   0x246  DblDiv.o [3]
  .text              ro code       0x11b8    0x22  DblToU32.o [3]
  .text              ro code       0x11dc    0x1c  U32ToDbl.o [3]
  .text              ro code       0x11f8   0x24e  DblAddSub.o [3]
  .text              ro code       0x1448   0x1aa  DblMul.o [3]
  .text              ro code       0x15f4   0x230  I64DivMod.o [4]
  .text              ro code       0x1824     0x6  abort.o [2]
  .text              ro code       0x182c     0x2  I64DivZer.o [4]
  .text              ro code       0x1830    0x14  exit.o [5]
  .text              ro code       0x1844    0x7c  iarttio.o [5]
  .text              ro code       0x18c0     0x8  XShttio.o [2]
  .text              ro code       0x18c8   0x418  project.o [1]
  .text              ro code       0x1ce0   0x1c8  main.o [1]
  .text              ro code       0x1ea8    0x40  sprintf.o [2]
  .text              ro code       0x1ee8    0x28  printf.o [2]
  .text              ro code       0x1f10    0x28  data_init.o [4]
  .text              ro code       0x1f38    0x22  fpinit_M.o [3]
  .text              ro code       0x1f5a    0x22  iarwrite.o [5]
  .iar.init_table    const         0x1f7c    0x14  - Linker created -
  .text              ro code       0x1f90    0x20  putchar.o [2]
  .text              ro code       0x1fb0    0x10  write.o [5]
  .text              ro code       0x1fc0    0x1e  dwrite.o [5]
  .text              ro code       0x1fde    0x20  iarwstd.o [5]
  .text              ro code       0x2000    0x1e  cmain.o [4]
  .text              ro code       0x201e     0x4  low_level_init.o [2]
  .text              ro code       0x2022     0x4  exit.o [2]
  .text              ro code       0x2028     0xa  cexit.o [4]
  .text              ro code       0x2034    0x1c  cstartup_M.o [4]
  .text              ro code       0x2050    0x16  xprout.o [2]
  Initializer bytes  const         0x2068     0xc  <for P2-1>
  .rodata            const         0x2074     0x8  main.o [1]
  .rodata            const         0x207c     0x0  copy_init3.o [4]
                                 - 0x207c  0x203c

"P2", part 1 of 2:                            0xc
  P2-1                        0x2000'0000     0xc  <Init block>
    .data            inited   0x2000'0000     0x8  XShttio.o [2]
    .bss             inited   0x2000'0008     0x4  xfail_s.o [2]
                            - 0x2000'000c     0xc

"P2", part 2 of 2:                         0x1000
  CSTACK                      0x2000'0010  0x1000  <Block>
    CSTACK           uninit   0x2000'0010  0x1000  <Block tail>
                            - 0x2000'1010  0x1000

Unused ranges:

         From           To      Size
         ----           --      ----
       0x207c     0x3'ffff  0x3'df84
  0x2000'000c  0x2000'000f       0x4
  0x2000'1010  0x2000'7fff    0x6ff0


*******************************************************************************
*** INIT TABLE
***

          Address      Size
          -------      ----
Copy (__iar_copy_init3)
    1 source range, total size 0xc:
               0x2068   0xc
    1 destination range, total size 0xc:
          0x2000'0000   0xc



*******************************************************************************
*** MODULE SUMMARY
***

    Module                 ro code  ro data  rw data
    ------                 -------  -------  -------
command line/config:
    ------------------------------------------------
    Total:

F:\ahmed\intro emb\last pp\simulator-iar\Debug\Obj: [1]
    main.o                     456        8
    project.o                1'048
    ------------------------------------------------
    Total:                   1'504        8

dl7M_tln.a: [2]
    XShttio.o                    8        8        8
    abort.o                      6
    exit.o                       4
    low_level_init.o             4
    printf.o                    40
    putchar.o                   32
    sprintf.o                   64
    xfail_s.o                   64        4        4
    xprintflarge_nomb.o      3'374
    xprout.o                    22
    xsprout.o                   10
    ------------------------------------------------
    Total:                   3'628       12       12

m7M_tls.a: [3]
    DblAddSub.o                590
    DblDiv.o                   582
    DblMul.o                   426
    DblToU32.o                  34
    U32ToDbl.o                  28
    fpinit_M.o                  34
    frexp.o                    112
    ------------------------------------------------
    Total:                   1'806

rt7M_tl.a: [4]
    ABImemcpy_unaligned.o      118
    I64DivMod.o                560
    I64DivZer.o                  2
    cexit.o                     10
    cmain.o                     30
    copy_init3.o                42
    cstartup_M.o                28
    data_init.o                 40
    memchr.o                    88
    strchr.o                    22
    strlen.o                    54
    vector_table_M.o            64
    vectortrap_M.o               2
    ------------------------------------------------
    Total:                   1'060

shb_l.a: [5]
    dwrite.o                    30
    exit.o                      20
    iarttio.o                  124
    iarwrite.o                  34
    iarwstd.o                   32
    write.o                     16
    ------------------------------------------------
    Total:                     256

    Gaps                        20
    Linker created                       22    4'096
----------------------------------------------------
    Grand Total:             8'274       42    4'108


*******************************************************************************
*** ENTRY LIST
***

Entry                       Address   Size  Type      Object
-----                       -------   ----  ----      ------
.iar.init_table$$Base        0x1f7c          --   Gb  - Linker created -
.iar.init_table$$Limit       0x1f90          --   Gb  - Linker created -
?main                        0x2001         Code  Gb  cmain.o [4]
ADC0_Init                    0x1aa5   0x7e  Code  Gb  project.o [1]
ADC0_Read                    0x1b23   0x1a  Code  Gb  project.o [1]
BusFault_Handler              0xe2f         Code  Wk  vectortrap_M.o [4]
Buzzer_Init                  0x1b57   0x26  Code  Gb  project.o [1]
Buzzer_Off                   0x1b8b    0xe  Code  Gb  project.o [1]
Buzzer_On                    0x1b7d    0xe  Code  Gb  project.o [1]
CSTACK$$Base            0x2000'0010          --   Gb  - Linker created -
CSTACK$$Limit           0x2000'1010          --   Gb  - Linker created -
ConvertToTemperature         0x1b3d   0x1a  Code  Gb  project.o [1]
DebugMon_Handler              0xe2f         Code  Wk  vectortrap_M.o [4]
Disable_PA2                  0x196b   0x12  Code  Gb  project.o [1]
Disable_PC5                  0x1a3b   0x12  Code  Gb  project.o [1]
Enable_PA2                   0x1959   0x12  Code  Gb  project.o [1]
Enable_PC5                   0x1a29   0x12  Code  Gb  project.o [1]
HardFault_Handler             0xe2f         Code  Wk  vectortrap_M.o [4]
Init_PA2                     0x1903   0x56  Code  Gb  project.o [1]
Init_PA4                     0x197d   0x56  Code  Gb  project.o [1]
Init_PB3                     0x1a4d   0x4c  Code  Gb  project.o [1]
Init_PC5                     0x19d3   0x56  Code  Gb  project.o [1]
MemManage_Handler             0xe2f         Code  Wk  vectortrap_M.o [4]
NMI_Handler                   0xe2f         Code  Wk  vectortrap_M.o [4]
PendSV_Handler                0xe2f         Code  Wk  vectortrap_M.o [4]
Region$$Table$$Base          0x1f7c          --   Gb  - Linker created -
Region$$Table$$Limit         0x1f90          --   Gb  - Linker created -
SVC_Handler                   0xe2f         Code  Wk  vectortrap_M.o [4]
SysTick_Handler               0xe2f         Code  Wk  vectortrap_M.o [4]
SysTick_Wait                 0x18ef   0x14  Code  Gb  project.o [1]
SysTick_Wait1ms              0x18c9   0x26  Code  Gb  project.o [1]
UART0_Handler                0x1ce1   0x10  Code  Gb  main.o [1]
UART0_Init                   0x1b99   0x6a  Code  Gb  project.o [1]
UART0_WriteChar              0x1c03   0x12  Code  Gb  project.o [1]
UART0_WriteString            0x1c15   0x16  Code  Gb  project.o [1]
UsageFault_Handler            0xe2f         Code  Wk  vectortrap_M.o [4]
_LitobLargeNoMb               0xb4f  0x10c  Code  Lc  xprintflarge_nomb.o [2]
_PrintfLargeNoMb               0x41  0xb08  Code  Gb  xprintflarge_nomb.o [2]
_Prout                       0x2051   0x16  Code  Gb  xprout.o [2]
_PutcharLargeNoMb             0xcb5   0x20  Code  Lc  xprintflarge_nomb.o [2]
_PutcharsLargeNoMb            0xcd5   0x2e  Code  Lc  xprintflarge_nomb.o [2]
_SProut                       0xdaf    0xa  Code  Gb  xsprout.o [2]
__aeabi_d2uiz                0x11b9         Code  Gb  DblToU32.o [3]
__aeabi_ddiv                  0xf71         Code  Gb  DblDiv.o [3]
__aeabi_dmul                 0x1449         Code  Gb  DblMul.o [3]
__aeabi_dsub                 0x1365         Code  Gb  DblAddSub.o [3]
__aeabi_ldiv0                0x182d         Code  Gb  I64DivZer.o [4]
__aeabi_ui2d                 0x11dd         Code  Gb  U32ToDbl.o [3]
__aeabi_uldivmod             0x15f5         Code  Gb  I64DivMod.o [4]
__cmain                      0x2001         Code  Gb  cmain.o [4]
__dwrite                     0x1fc1   0x1e  Code  Gb  dwrite.o [5]
__exit                       0x1831   0x14  Code  Gb  exit.o [5]
__iar_Fail_s                  0xdb9   0x1c  Code  Gb  xfail_s.o [2]
__iar_Memchr                  0xe31         Code  Gb  memchr.o [4]
__iar_Strchr                  0xd99         Code  Gb  strchr.o [4]
__iar_close_ttio             0x1845   0x2c  Code  Gb  iarttio.o [5]
__iar_copy_init3              0xd6f   0x2a  Code  Gb  copy_init3.o [4]
__iar_data_init3             0x1f11   0x28  Code  Gb  data_init.o [4]
__iar_frexp                   0xf0d         Code  Gb  frexp.o [3]
__iar_frexpl                  0xf0d         Code  Gb  frexp.o [3]
__iar_get_ttio               0x1871   0x4c  Code  Gb  iarttio.o [5]
__iar_init_vfp               0x1f39         Code  Gb  fpinit_M.o [3]
__iar_lookup_ttioh           0x18c1    0x8  Code  Gb  XShttio.o [2]
__iar_program_start          0x2035         Code  Gb  cstartup_M.o [4]
__iar_sh_stdout              0x1fdf   0x20  Code  Gb  iarwstd.o [5]
__iar_sh_write               0x1f5b   0x22  Code  Gb  iarwrite.o [5]
__iar_softfp___iar_frexp64
                              0xf01         Code  Gb  frexp.o [3]
__iar_softfp_frexp            0xf01         Code  Gb  frexp.o [3]
__iar_softfp_frexpl           0xf01         Code  Gb  frexp.o [3]
__iar_ttio_handles      0x2000'0000    0x8  Data  Lc  XShttio.o [2]
__iar_unaligned_memcpy        0xe89         Code  Gb  ABImemcpy_unaligned.o [4]
__iar_unaligned_memcpy4
                              0xea9         Code  Gb  ABImemcpy_unaligned.o [4]
__iar_unaligned_memcpy8
                              0xea9         Code  Gb  ABImemcpy_unaligned.o [4]
__low_level_init             0x201f    0x4  Code  Gb  low_level_init.o [2]
__vector_table                  0x0         Data  Gb  vector_table_M.o [4]
__write                      0x1fb1   0x10  Code  Gb  write.o [5]
_call_main                   0x200d         Code  Gb  cmain.o [4]
_exit                        0x2029         Code  Gb  cexit.o [4]
abort                        0x1825    0x6  Code  Gb  abort.o [2]
exit                         0x2023    0x4  Code  Gb  exit.o [2]
main                         0x1cf1  0x1a4  Code  Gb  main.o [1]
memchr                        0xe31         Code  Gb  memchr.o [4]
printf                       0x1ee9   0x28  Code  Gb  printf.o [2]
putchar                      0x1f91   0x20  Code  Gb  putchar.o [2]
read_magnetic_switch         0x1a99    0xc  Code  Gb  project.o [1]
scale                         0xc5b   0x46  Code  Lc  xprintflarge_nomb.o [2]
sec_hand                0x2000'0008    0x4  Data  Lc  xfail_s.o [2]
sprintf                      0x1ea9   0x40  Code  Gb  sprintf.o [2]
strchr                        0xd99         Code  Gb  strchr.o [4]
strlen                        0xdf9         Code  Gb  strlen.o [4]


[1] = F:\ahmed\intro emb\last pp\simulator-iar\Debug\Obj
[2] = dl7M_tln.a
[3] = m7M_tls.a
[4] = rt7M_tl.a
[5] = shb_l.a

  8'274 bytes of readonly  code memory
     42 bytes of readonly  data memory
  4'108 bytes of readwrite data memory

Errors: none
Warnings: none
